python : Traceback 
(most recent call 
last):
At line:1 char:1
+ python manage.py 
check --traceback > 
error_log.txt 2>&1
+ ~~~~~~~~~~~~~~~~~~~
~~~~~~~~~~~~~~~~~~~~~
~~~~~~~~~~~~~~~
    + CategoryInfo   
           : NotSpe  
  cified: (Traceba   
 ck (most recent     
call last)::Stri    
ng) [], RemoteEx    
ception
    + FullyQualified 
   ErrorId : Native  
  CommandError
 
  File "C:\Users\ulag
anathan\.gemini\antig
ravity\scratch\Ai_Acc
ounting_v1\backend\ma
nage.py", line 22, 
in <module>
    main()
  File "C:\Users\ulag
anathan\.gemini\antig
ravity\scratch\Ai_Acc
ounting_v1\backend\ma
nage.py", line 18, 
in main
    execute_from_comm
and_line(sys.argv)
  File "C:\Users\ulag
anathan\AppData\Local
\Programs\Python\Pyth
on312\Lib\site-packag
es\django\core\manage
ment\__init__.py", 
line 442, in execute_
from_command_line
    utility.execute()
  File "C:\Users\ulag
anathan\AppData\Local
\Programs\Python\Pyth
on312\Lib\site-packag
es\django\core\manage
ment\__init__.py", 
line 416, in execute
    django.setup()
  File "C:\Users\ulag
anathan\AppData\Local
\Programs\Python\Pyth
on312\Lib\site-packag
es\django\__init__.py
", line 24, in setup
    apps.populate(set
tings.INSTALLED_APPS)
  File "C:\Users\ulag
anathan\AppData\Local
\Programs\Python\Pyth
on312\Lib\site-packag
es\django\apps\regist
ry.py", line 91, in 
populate
    app_config = AppC
onfig.create(entry)
                 ^^^^
^^^^^^^^^^^^^^^^^^^
  File "C:\Users\ulag
anathan\AppData\Local
\Programs\Python\Pyth
on312\Lib\site-packag
es\django\apps\config
.py", line 193, in 
create
    
import_module(entry)
  File "C:\Users\ulag
anathan\AppData\Local
\Programs\Python\Pyth
on312\Lib\importlib\_
_init__.py", line 
90, in import_module
    return _bootstrap
._gcd_import(name[lev
el:], package, level)
           ^^^^^^^^^^
^^^^^^^^^^^^^^^^^^^^^
^^^^^^^^^^^^^^^^^^^^^
  File "<frozen impor
tlib._bootstrap>", 
line 1387, in 
_gcd_import
  File "<frozen impor
tlib._bootstrap>", 
line 1360, in 
_find_and_load
  File "<frozen impor
tlib._bootstrap>", 
line 1331, in _find_a
nd_load_unlocked
  File "<frozen impor
tlib._bootstrap>", 
line 935, in 
_load_unlocked
  File "<frozen impor
tlib._bootstrap_exter
nal>", line 995, in 
exec_module
  File "<frozen impor
tlib._bootstrap>", 
line 488, in _call_wi
th_frames_removed
  File "C:\Users\ulag
anathan\.gemini\antig
ravity\scratch\Ai_Acc
ounting_v1\backend\re
ports\__init__.py", 
line 4, in <module>
    from .api import 
PlaceholderReportView
  File "C:\Users\ulag
anathan\.gemini\antig
ravity\scratch\Ai_Acc
ounting_v1\backend\re
ports\api.py", line 
4, in <module>
    from 
rest_framework 
import views
  File "C:\Users\ulag
anathan\AppData\Local
\Programs\Python\Pyth
on312\Lib\site-packag
es\rest_framework\vie
ws.py", line 18, in 
<module>
    from rest_framewo
rk.schemas import 
DefaultSchema
  File "C:\Users\ulag
anathan\AppData\Local
\Programs\Python\Pyth
on312\Lib\site-packag
es\rest_framework\sch
emas\__init__.py", 
line 33, in <module>
    authentication_cl
asses=api_settings.DE
FAULT_AUTHENTICATION_
CLASSES,
                     
      ^^^^^^^^^^^^^^^
^^^^^^^^^^^^^^^^^^^^^
^^^^^^^
  File "C:\Users\ulag
anathan\AppData\Local
\Programs\Python\Pyth
on312\Lib\site-packag
es\rest_framework\set
tings.py", line 227, 
in __getattr__
    val = 
perform_import(val, 
attr)
          ^^^^^^^^^^^
^^^^^^^^^^^^^^
  File "C:\Users\ulag
anathan\AppData\Local
\Programs\Python\Pyth
on312\Lib\site-packag
es\rest_framework\set
tings.py", line 170, 
in perform_import
    return [import_fr
om_string(item, 
setting_name) for 
item in val]
            ^^^^^^^^^
^^^^^^^^^^^^^^^^^^^^^
^^^^^^^^
  File "C:\Users\ulag
anathan\AppData\Local
\Programs\Python\Pyth
on312\Lib\site-packag
es\rest_framework\set
tings.py", line 179, 
in import_from_string
    return 
import_string(val)
           
^^^^^^^^^^^^^^^^^^
  File "C:\Users\ulag
anathan\AppData\Local
\Programs\Python\Pyth
on312\Lib\site-packag
es\django\utils\modul
e_loading.py", line 
30, in import_string
    return cached_imp
ort(module_path, 
class_name)
           ^^^^^^^^^^
^^^^^^^^^^^^^^^^^^^^^
^^^^^^^
  File "C:\Users\ulag
anathan\AppData\Local
\Programs\Python\Pyth
on312\Lib\site-packag
es\django\utils\modul
e_loading.py", line 
15, in cached_import
    module = import_m
odule(module_path)
             ^^^^^^^^
^^^^^^^^^^^^^^^^^^
  File "C:\Users\ulag
anathan\AppData\Local
\Programs\Python\Pyth
on312\Lib\importlib\_
_init__.py", line 
90, in import_module
    return _bootstrap
._gcd_import(name[lev
el:], package, level)
           ^^^^^^^^^^
^^^^^^^^^^^^^^^^^^^^^
^^^^^^^^^^^^^^^^^^^^^
  File "C:\Users\ulag
anathan\.gemini\antig
ravity\scratch\Ai_Acc
ounting_v1\backend\co
re\authentication.py"
, line 1, in <module>
    from rest_framewo
rk_simplejwt.authenti
cation import 
JWTAuthentication
  File "C:\Users\ulag
anathan\AppData\Local
\Programs\Python\Pyth
on312\Lib\site-packag
es\rest_framework_sim
plejwt\authentication
.py", line 4, in 
<module>
    from django.contr
ib.auth.models 
import 
AbstractBaseUser
  File "C:\Users\ulag
anathan\AppData\Local
\Programs\Python\Pyth
on312\Lib\site-packag
es\django\contrib\aut
h\models.py", line 
3, in <module>
    from django.contr
ib.auth.base_user 
import 
AbstractBaseUser, 
BaseUserManager
  File "C:\Users\ulag
anathan\AppData\Local
\Programs\Python\Pyth
on312\Lib\site-packag
es\django\contrib\aut
h\base_user.py", 
line 59, in <module>
    class AbstractBas
eUser(models.Model):
  File "C:\Users\ulag
anathan\AppData\Local
\Programs\Python\Pyth
on312\Lib\site-packag
es\django\db\models\b
ase.py", line 129, 
in __new__
    app_config = apps
.get_containing_app_c
onfig(module)
                 ^^^^
^^^^^^^^^^^^^^^^^^^^^
^^^^^^^^^^^^^
  File "C:\Users\ulag
anathan\AppData\Local
\Programs\Python\Pyth
on312\Lib\site-packag
es\django\apps\regist
ry.py", line 260, in 
get_containing_app_co
nfig
    self.check_apps_r
eady()
  File "C:\Users\ulag
anathan\AppData\Local
\Programs\Python\Pyth
on312\Lib\site-packag
es\django\apps\regist
ry.py", line 138, in 
check_apps_ready
    raise AppRegistry
NotReady("Apps 
aren't loaded yet.")
django.core.exception
s.AppRegistryNotReady
: Apps aren't loaded 
yet.
